
> zeno-league@1.0.0 build
> vite build

[36mvite v6.4.2 [32mbuilding for production...[36m[39m
transforming...
node.exe : [33m[plugin vite:esbuild] src/views/Dashboard.jsx: [33mDuplicate 
key "border" in object literal[33m
At line:1 char:1
+ & "C:\Program Files\nodejs/node.exe" "C:\Program Files\nodejs/node_mo ...
+ ~~~~~~~~~~~~~~~~~~~~~~~~~~~~~~~~~~~~~~~~~~~~~~~~~~~~~~~~~~~~~~~~~~~~~
    + CategoryInfo          : NotSpecified: ([33m[plugin vi...ct literal[33m 
   :String) [], RemoteException
    + FullyQualifiedErrorId : NativeCommandError
 
469|              background: 'var(--bg-elevated)',
470|              color: 'var(--text)',
471|              border: '1px solid var(--border-subtle)',
   |              ^
472|            }} onClick={(e) => { e.stopPropagation(); onWithdraw() }}>
473|              <i className="fa-solid fa-arrow-up-from-bracket" /> Withdraw
[39m
[33m[plugin vite:esbuild] src/views/Profile.jsx: [33mDuplicate key "border" 
in object literal[33m
720|                cursor: 'pointer',
721|                transition: 'all 0.3s ease',
722|                border: activeTab === tab ? '1px solid 
rgba(168,85,247,0.3)' : '1px solid rgba(255,255,255,0.06)',
   |                ^
723|                whiteSpace: 'nowrap',
724|              }}
[39m
[33m[plugin vite:esbuild] src/views/Admin.jsx: [33mDuplicate key 
"borderBottom" in object literal[33m
354|      background: 'rgba(255,255,255,0.02)',
355|      borderTop: '1px solid rgba(255,255,255,0.04)',
356|      borderBottom: '1px solid rgba(255,255,255,0.04)',
   |      ^
357|      transition: 'background 0.2s ease'
358|    },
[39m
[32mΓ£ô[39m 67 modules transformed.
rendering chunks...
computing gzip size...
[2mdist/[22m[32mregisterSW.js              [39m[1m[2m  0.13 kB[22m[1m[22m
[2mdist/[22m[32mmanifest.webmanifest       [39m[1m[2m  0.58 kB[22m[1m[22m
[2mdist/[22m[32mindex.html                 [39m[1m[2m 15.35 kB[22m[1m[22m[2m Γöé gzip:   4.28 kB[22m
[2mdist/[22m[35massets/index-DYE5KnDJ.css  [39m[1m[2m 25.96 kB[22m[1m[22m[2m Γöé gzip:   5.72 kB[22m
[2mdist/[22m[36massets/vendor-QYCSsVv3.js  [39m[1m[2m139.46 kB[22m[1m[22m[2m Γöé gzip:  45.09 kB[22m
[2mdist/[22m[36massets/index-BhKEP5fI.js   [39m[1m[33m868.10 kB[39m[22m[2m Γöé gzip: 191.91 kB[22m
[33m
(!) Some chunks are larger than 500 kB after minification. Consider:
- Using dynamic import() to code-split the application
- Use build.rollupOptions.output.manualChunks to improve chunking: 
https://rollupjs.org/configuration-options/#output-manualchunks
- Adjust chunk size limit for this warning via 
build.chunkSizeWarningLimit.[39m
[32mΓ£ô built in 4.11s[39m

PWA v1.2.0
mode      generateSW
precache  10 entries (1024.55 KiB)
files generated
  dist/sw.js
  dist/workbox-8c29f6e4.js
